// Jest Snapshot v1, https://goo.gl/fbAQLP

exports[`Route - Home Renders correctly component 1`] = `
<View
  style={
    Object {
      "flex": 1,
    }
  }
>
  <RCTSafeAreaView
    emulateUnlessSupported={true}
  >
    <View
      style={
        Object {
          "paddingBottom": 20,
          "paddingLeft": 20,
          "paddingRight": 20,
          "paddingTop": 20,
        }
      }
    >
      <Text
        accessibilityLabel="Titre de l'article - Autisme"
        accessibilityRole="text"
        accessible={true}
        isDark={false}
        label="Titre de l'article - Autisme"
        style={
          Object {
            "color": "#A9A9A9",
            "fontSize": 26,
            "marginBottom": 15,
            "marginLeft": 0,
            "marginRight": 0,
            "marginTop": 0,
          }
        }
      >
        Titre de l'article - Autisme
      </Text>
      <Text
        accessibilityRole="text"
        accessible={true}
        isDark={false}
        style={
          Object {
            "color": "#000000",
            "fontSize": 16,
            "marginBottom": 5,
            "marginLeft": 0,
            "marginRight": 0,
            "marginTop": 5,
          }
        }
      >
        Voici un exemple de paragraphe limité en nombre de caractères/mots par ligne, allant à l'essentiel et est donc plus agréable pour un utilisateur autiste Asperger.
      </Text>
      <Text
        accessibilityRole="text"
        accessible={true}
        isDark={false}
        style={
          Object {
            "color": "#000000",
            "fontSize": 16,
            "marginBottom": 5,
            "marginLeft": 0,
            "marginRight": 0,
            "marginTop": 5,
          }
        }
      >
        Cet autre paragraphe aborde le même sujet mais n'as pas de nécessité à faire partir du premier, rendant ainsi la lecture plus agréable et conçise.
      </Text>
    </View>
  </RCTSafeAreaView>
</View>
`;
