// Jest Snapshot v1, https://goo.gl/fbAQLP

exports[`Renders correctly Paragraph component 1`] = `
<View
  style={
    Object {
      "flex": 1,
    }
  }
>
  <Text
    accessibilityRole="text"
    accessible={true}
    isDark={false}
    style={
      Object {
        "color": "#000000",
        "fontSize": 16,
        "marginBottom": 5,
        "marginLeft": 0,
        "marginRight": 0,
        "marginTop": 5,
      }
    }
  >
    Test content
  </Text>
</View>
`;
